2025-02-18 11:04:26.6824 INFO  [1] Log - runTimeId = [2001] 
2025-02-18 11:04:26.8732 INFO  [1] Log - ---------- START PROCESSING ---------- 
2025-02-18 11:04:31.7146 ERROR [1] Log - 正常終了ファイルの存在を確認！ 
2025-02-18 11:04:48.8537 ERROR [1] Log - ex = [The file 'D:\Project\31.MIYAMA\Program\miyama_execution_result_check\miyama_execution_result_check\bin\Debug\net8.0\logs\2025\02\18\2001_20250218110448_miyama_execution_result_check.log' already exists.] 
2025-02-18 11:04:48.8537 INFO  [1] Log - ---------- END PROCESSING ---------- 
2025-02-18 11:06:08.4374 INFO  [1] Log - runTimeId = [2001] 
2025-02-18 11:06:08.4912 INFO  [1] Log - ---------- START PROCESSING ---------- 
2025-02-18 11:06:11.9805 ERROR [1] Log - 正常終了ファイルの存在を確認！ 
2025-02-18 11:06:27.4763 INFO  [1] Log - ---------- END PROCESSING ---------- 
2025-03-17 09:50:52.2224 INFO  [1] Log - runTimeId = [2001] 
2025-03-17 09:50:52.9215 INFO  [1] Log - ---------- START PROCESSING ---------- 
2025-03-17 09:55:23.6428 INFO  [1] Log - runTimeId = [2001] 
2025-03-17 09:55:23.6962 INFO  [1] Log - ---------- START PROCESSING ---------- 
2025-03-17 09:55:28.4362 ERROR [1] Log - 正常終了ファイルの存在を確認！ 
2025-03-17 09:56:14.0625 INFO  [1] Log - ---------- END PROCESSING ---------- 
2025-03-17 09:57:02.4282 INFO  [1] Log - runTimeId = [2001] 
2025-03-17 09:57:02.4804 INFO  [1] Log - ---------- START PROCESSING ---------- 
2025-03-17 09:57:07.1452 ERROR [1] Log - 正常終了ファイルの存在を確認！ 
2025-03-17 09:58:26.2780 INFO  [1] Log - runTimeId = [2001] 
2025-03-17 09:58:26.3335 INFO  [1] Log - ---------- START PROCESSING ---------- 
2025-03-17 09:58:29.0183 ERROR [1] Log - 正常終了ファイルの存在を確認！ 
2025-03-17 09:59:45.4606 INFO  [1] Log - runTimeId = [2001] 
2025-03-17 09:59:45.5339 INFO  [1] Log - ---------- START PROCESSING ---------- 
2025-03-17 09:59:47.7865 ERROR [1] Log - 正常終了ファイルの存在を確認！ 
2025-03-17 09:59:58.3131 INFO  [1] Log - ++++++++++++++++++++++++++++++++++++++++++++++++++ 
2025-03-17 09:59:58.3131 INFO  [1] Log - メール送信者：[informations@e-miyama.com] 
2025-03-17 09:59:58.3131 INFO  [1] Log - メール送信先：[hasegawa@belnet.co.jp] 
2025-03-17 09:59:58.3131 INFO  [1] Log - メールタイトル：[[MIYAMA]異常終了通知] 
2025-03-17 09:59:58.3131 INFO  [1] Log - メール本文：[] 
2025-03-17 09:59:58.3131 INFO  [1] Log - 添付ファイル名：[System.Net.Mail.Attachment] 
2025-03-17 09:59:58.3131 INFO  [1] Log - ++++++++++++++++++++++++++++++++++++++++++++++++++ 
2025-03-17 10:00:21.9460 INFO  [1] Log - runTimeId = [2001] 
2025-03-17 10:00:22.0025 INFO  [1] Log - ---------- START PROCESSING ---------- 
2025-03-17 10:00:23.1528 ERROR [1] Log - 正常終了ファイルの存在を確認！ 
2025-03-17 10:00:48.0908 INFO  [1] Log - ++++++++++++++++++++++++++++++++++++++++++++++++++ 
2025-03-17 10:00:48.5684 INFO  [1] Log - メール送信者：[informations@e-miyama.com] 
2025-03-17 10:01:01.2890 INFO  [1] Log - runTimeId = [2001] 
2025-03-17 10:01:01.3421 INFO  [1] Log - ---------- START PROCESSING ---------- 
2025-03-17 10:01:02.5732 ERROR [1] Log - 正常終了ファイルの存在を確認！ 
2025-03-17 10:01:04.1239 INFO  [1] Log - ++++++++++++++++++++++++++++++++++++++++++++++++++ 
2025-03-17 10:01:04.1239 INFO  [1] Log - メール送信者：[informations@e-miyama.com] 
2025-03-17 10:01:04.1239 INFO  [1] Log - メール送信先：[hasegawa@belnet.co.jp] 
2025-03-17 10:01:04.1239 INFO  [1] Log - メールタイトル：[[MIYAMA]異常終了通知] 
2025-03-17 10:01:04.1239 INFO  [1] Log - メール本文：[] 
2025-03-17 10:01:04.1239 INFO  [1] Log - 添付ファイル名：[System.Net.Mail.Attachment] 
2025-03-17 10:01:04.1239 INFO  [1] Log - ++++++++++++++++++++++++++++++++++++++++++++++++++ 
2025-03-17 10:01:12.5288 INFO  [1] Log - ---------- END PROCESSING ---------- 
2025-03-17 10:04:45.8014 INFO  [1] Log - runTimeId = [2001] 
2025-03-17 10:04:45.8556 INFO  [1] Log - ---------- START PROCESSING ---------- 
2025-03-17 10:04:46.9886 ERROR [1] Log - 正常終了ファイルの存在を確認！ 
2025-03-17 10:06:59.0692 INFO  [1] Log - runTimeId = [2001] 
2025-03-17 10:06:59.1311 INFO  [1] Log - ---------- START PROCESSING ---------- 
2025-03-17 10:07:00.3440 ERROR [1] Log - 正常終了ファイルの存在を確認！ 
2025-03-17 10:07:44.9378 INFO  [1] Log - runTimeId = [2001] 
2025-03-17 10:07:44.9906 INFO  [1] Log - ---------- START PROCESSING ---------- 
2025-03-17 10:07:46.1544 ERROR [1] Log - 正常終了ファイルの存在を確認！ 
2025-03-17 10:08:02.2661 INFO  [1] Log - ++++++++++++++++++++++++++++++++++++++++++++++++++ 
2025-03-17 10:08:02.2661 INFO  [1] Log - メール送信者：[informations@e-miyama.com] 
2025-03-17 10:08:02.2661 INFO  [1] Log - メール送信先：[hasegawa@belnet.co.jp] 
2025-03-17 10:08:02.2661 INFO  [1] Log - メールタイトル：[[MIYAMA]異常終了通知] 
2025-03-17 10:08:02.2661 INFO  [1] Log - メール本文：[エラーチェック処理　デバックメール

処理が異常終了しました。

添付ファイルを確認してください。] 
2025-03-17 10:08:02.2700 INFO  [1] Log - 添付ファイル名：[System.Net.Mail.Attachment] 
2025-03-17 10:08:02.2700 INFO  [1] Log - ++++++++++++++++++++++++++++++++++++++++++++++++++ 
2025-03-17 10:08:05.6621 INFO  [1] Log - ---------- END PROCESSING ---------- 
2025-03-17 10:33:53.0803 INFO  [1] Log - runTimeId = [2001] 
2025-03-17 10:33:53.1124 INFO  [1] Log - ---------- START PROCESSING ---------- 
2025-03-17 10:33:54.0585 ERROR [1] Log - 正常終了ファイルの存在を確認！ 
2025-03-17 10:33:54.0675 INFO  [1] Log - ++++++++++++++++++++++++++++++++++++++++++++++++++ 
2025-03-17 10:33:54.0675 INFO  [1] Log - メール送信者：[informations@e-miyama.com] 
2025-03-17 10:33:54.0675 INFO  [1] Log - メール送信先：[hasegawa@belnet.co.jp] 
2025-03-17 10:33:54.0675 INFO  [1] Log - メールタイトル：[[MIYAMA]異常終了通知] 
2025-03-17 10:33:54.0675 INFO  [1] Log - メール本文：[エラーチェック処理　デバックメール

処理が異常終了しました。

添付ファイルを確認してください。] 
2025-03-17 10:33:54.0675 INFO  [1] Log - 添付ファイル名：[System.Net.Mail.Attachment] 
2025-03-17 10:33:54.0675 INFO  [1] Log - ++++++++++++++++++++++++++++++++++++++++++++++++++ 
2025-03-17 10:33:55.0201 INFO  [1] Log - ---------- END PROCESSING ---------- 
2025-03-17 10:35:01.4171 INFO  [1] Log - runTimeId = [2001] 
2025-03-17 10:35:01.4705 INFO  [1] Log - ---------- START PROCESSING ---------- 
2025-03-17 10:35:02.7591 ERROR [1] Log - 正常終了ファイルの存在を確認！ 
2025-03-17 10:35:06.4413 INFO  [1] Log - ++++++++++++++++++++++++++++++++++++++++++++++++++ 
2025-03-17 10:35:06.4425 INFO  [1] Log - メール送信者：[informations@e-miyama.com] 
2025-03-17 10:35:06.4425 INFO  [1] Log - メール送信先：[hasegawa@belnet.co.jp] 
2025-03-17 10:35:06.4425 INFO  [1] Log - メールタイトル：[[MIYAMA]異常終了通知] 
2025-03-17 10:35:06.4425 INFO  [1] Log - メール本文：[エラーチェック処理　デバックメール

処理が異常終了しました。

添付ファイルを確認してください。] 
2025-03-17 10:36:58.3598 INFO  [1] Log - runTimeId = [2001] 
2025-03-17 10:36:58.4144 INFO  [1] Log - ---------- START PROCESSING ---------- 
2025-03-17 10:36:59.5590 ERROR [1] Log - 正常終了ファイルの存在を確認！ 
2025-03-17 10:37:29.7538 INFO  [1] Log - ++++++++++++++++++++++++++++++++++++++++++++++++++ 
2025-03-17 10:37:29.7538 INFO  [1] Log - メール送信者：[informations@e-miyama.com] 
2025-03-17 10:37:29.7538 INFO  [1] Log - メール送信先：[hasegawa@belnet.co.jp] 
2025-03-17 10:37:29.7538 INFO  [1] Log - メール送信先：[yamada@belnet.co.jp] 
2025-03-17 10:37:29.7538 INFO  [1] Log - メールタイトル：[[MIYAMA]異常終了通知] 
2025-03-17 10:37:29.7538 INFO  [1] Log - メール本文：[エラーチェック処理　デバックメール

処理が異常終了しました。

添付ファイルを確認してください。] 
2025-03-17 10:37:35.7499 INFO  [1] Log - 添付ファイル名：[miyama_execution_result_check.log] 
2025-03-17 10:37:36.9841 INFO  [1] Log - ++++++++++++++++++++++++++++++++++++++++++++++++++ 
2025-03-17 10:37:47.0483 INFO  [1] Log - ---------- END PROCESSING ---------- 
2025-03-24 11:19:42.7029 INFO  [1] Log - runTimeId = [2001] 
2025-03-24 11:19:43.0076 INFO  [1] Log - ---------- START PROCESSING ---------- 
2025-03-24 11:22:43.1884 INFO  [1] Log - runTimeId = [2001] 
2025-03-24 11:22:43.2394 INFO  [1] Log - ---------- START PROCESSING ---------- 
2025-03-24 11:22:50.6764 ERROR [1] Log - 正常終了ファイルの存在を確認！ 
2025-03-24 11:50:04.8328 INFO  [1] Log - runTimeId = [2001] 
2025-03-24 11:50:04.8844 INFO  [1] Log - ---------- START PROCESSING ---------- 
2025-03-24 11:50:12.7418 ERROR [1] Log - 正常終了ファイルの存在を確認！ 
2025-04-04 14:07:01.1072 INFO  [1] Log - runTimeId = [2001] 
2025-04-04 14:07:01.3322 INFO  [1] Log - ---------- START PROCESSING ---------- 
2025-04-04 14:09:03.0788 ERROR [1] Log - 正常終了ファイルの存在を確認！ 
2025-04-04 14:15:14.0626 INFO  [1] Log - runTimeId = [2001] 
2025-04-04 14:15:14.1232 INFO  [1] Log - ---------- START PROCESSING ---------- 
2025-04-04 14:15:38.8610 INFO  [1] Log - ---------- END PROCESSING ---------- 
2025-04-04 14:39:30.2426 INFO  [1] Log - runTimeId = [2001] 
2025-04-04 14:39:30.2997 INFO  [1] Log - ---------- START PROCESSING ---------- 
2025-04-04 14:39:46.2952 INFO  [1] Log - runTimeId = [2001] 
2025-04-04 14:39:46.3491 INFO  [1] Log - ---------- START PROCESSING ---------- 
2025-04-04 14:39:53.0132 ERROR [1] Log - 正常終了ファイルの存在を確認！ 
2025-04-04 14:41:26.4095 INFO  [1] Log - runTimeId = [2001] 
2025-04-04 14:41:26.4599 INFO  [1] Log - ---------- START PROCESSING ---------- 
2025-04-04 14:41:34.9209 ERROR [1] Log - 正常終了ファイルの存在を確認！ 
